This is just a test for adding my branch to the Repo
rmbla@DESKTOP-N81U17P MINGW64 ~/OneDrive/desktop/Module7project2 (Ryan_repo)
$ git pull
Already up to date.
(base)
rmbla@DESKTOP-N81U17P MINGW64 ~/OneDrive/desktop/Module7project2 (Ryan_repo)
$ git checkout Main
Switched to branch 'Main'
Your branch is behind 'origin/Main' by 4 commits, and can be fast-forwarded.
  (use "git pull" to update your local branch)
(base)
rmbla@DESKTOP-N81U17P MINGW64 ~/OneDrive/desktop/Module7project2 (Main)
$ git pull
Your configuration specifies to merge with the ref 'refs/heads/Main'
from the remote, but no such ref was fetched.
(base)
rmbla@DESKTOP-N81U17P MINGW64 ~/OneDrive/desktop/Module7project2 (Main)
$ git merge refs/heads/Main
Already up to date.
(base)
rmbla@DESKTOP-N81U17P MINGW64 ~/OneDrive/desktop/Module7project2 (Main)
$ git pull
Your configuration specifies to merge with the ref 'refs/heads/Main'
from the remote, but no such ref was fetched.
(base)
rmbla@DESKTOP-N81U17P MINGW64 ~/OneDrive/desktop/Module7project2 (Main)
$ git status
On branch Main
Your branch is behind 'origin/Main' by 4 commits, and can be fast-forwarded.
  (use "git pull" to update your local branch)

nothing to commit, working tree clean
(base)
rmbla@DESKTOP-N81U17P MINGW64 ~/OneDrive/desktop/Module7project2 (Main)
$ git merge Ryan_repo
fatal: refusing to merge unrelated histories
(base)
rmbla@DESKTOP-N81U17P MINGW64 ~/OneDrive/desktop/Module7project2 (Main)
$ ls
Readme..txt
(base)
rmbla@DESKTOP-N81U17P MINGW64 ~/OneDrive/desktop/Module7project2 (Main)
$ git checkout Ryan_repo
Switched to branch 'Ryan_repo'
Your branch is up to date with 'origin/Ryan_repo'.
(base)
rmbla@DESKTOP-N81U17P MINGW64 ~/OneDrive/desktop/Module7project2 (Ryan_repo)
$ ls
 README.md  'Ryan Text File.txt'
(base)
rmbla@DESKTOP-N81U17P MINGW64 ~/OneDrive/desktop/Module7project2 (Ryan_repo)
$ git status
On branch Ryan_repo
Your branch is up to date with 'origin/Ryan_repo'.

nothing to commit, working tree clean
(base)
rmbla@DESKTOP-N81U17P MINGW64 ~/OneDrive/desktop/Module7project2 (Ryan_repo)
$ git pull
remote: Enumerating objects: 3, done.
remote: Counting objects: 100% (3/3), done.
remote: Compressing objects: 100% (2/2), done.
remote: Total 2 (delta 0), reused 2 (delta 0), pack-reused 0
Unpacking objects: 100% (2/2), 310 bytes | 34.00 KiB/s, done.
From https://github.com/caleb-g23/Module7project2
   007ae1b..90cea14  main       -> origin/main
Already up to date.
(base)
rmbla@DESKTOP-N81U17P MINGW64 ~/OneDrive/desktop/Module7project2 (Ryan_repo)
$ git checkout main
Switched to branch 'main'
Your branch is behind 'origin/main' by 5 commits, and can be fast-forwarded.
  (use "git pull" to update your local branch)
(base)
rmbla@DESKTOP-N81U17P MINGW64 ~/OneDrive/desktop/Module7project2 (main)
$ git pull origin main --rebase
From https://github.com/caleb-g23/Module7project2
 * branch            main       -> FETCH_HEAD
Updating 69212f4..90cea14
Fast-forward
 Readme..txt => Branch_File.txt | 0
 Module7project2                | 1 +
 README.md                      | 1 +
 new_file.txt                   | 0
 4 files changed, 2 insertions(+)
 rename Readme..txt => Branch_File.txt (100%)
 create mode 160000 Module7project2
 create mode 100644 README.md
 create mode 100644 new_file.txt
(base)
rmbla@DESKTOP-N81U17P MINGW64 ~/OneDrive/desktop/Module7project2 (main)
$ git merge Ryan_repo
fatal: refusing to merge unrelated histories
(base)
rmbla@DESKTOP-N81U17P MINGW64 ~/OneDrive/desktop/Module7project2 (main)
$ git checkout Ryan_repo
Switched to branch 'Ryan_repo'
Your branch is up to date with 'origin/Ryan_repo'.
(base)
rmbla@DESKTOP-N81U17P MINGW64 ~/OneDrive/desktop/Module7project2 (Ryan_repo)
$ git pull origin main --rebase
From https://github.com/caleb-g23/Module7project2
 * branch            main       -> FETCH_HEAD
warning: skipped previously applied commit 899b369
hint: use --reapply-cherry-picks to include skipped commits
hint: Disable this message with "git config advice.skippedCherryPicks false"
Successfully rebased and updated refs/heads/Ryan_repo.
(base)
rmbla@DESKTOP-N81U17P MINGW64 ~/OneDrive/desktop/Module7project2 (Ryan_repo)
$ git checkout main
Switched to branch 'main'
Your branch is up to date with 'origin/main'.
(base)
rmbla@DESKTOP-N81U17P MINGW64 ~/OneDrive/desktop/Module7project2 (main)
$ git merge Ryan_repo
Updating 90cea14..f3c7cf7
Fast-forward
 Ryan Text File.txt | 1 +
 1 file changed, 1 insertion(+)
 create mode 100644 Ryan Text File.txt
(base)
rmbla@DESKTOP-N81U17P MINGW64 ~/OneDrive/desktop/Module7project2 (main)
$ git push
Enumerating objects: 4, done.
Counting objects: 100% (4/4), done.
Delta compression using up to 16 threads
Compressing objects: 100% (3/3), done.
Writing objects: 100% (3/3), 362 bytes | 362.00 KiB/s, done.
Total 3 (delta 1), reused 0 (delta 0), pack-reused 0
remote: Resolving deltas: 100% (1/1), completed with 1 local object.
To https://github.com/caleb-g23/Module7project2.git
   90cea14..f3c7cf7  main -> main
(base)
rmbla@DESKTOP-N81U17P MINGW64 ~/OneDrive/desktop/Module7project2 (main)
$